// Jest Snapshot v1, https://goo.gl/fbAQLP

exports[`App component Renders an App 1`] = `<RandomColor />`;
