// Jest Snapshot v1, https://goo.gl/fbAQLP

exports[`ColorDisplay component Renders a ColorDisplay 1`] = `
<div
  className="ColorDisplay"
  style={
    Object {
      "backgroundColor": "#000000",
    }
  }
/>
`;
