// Jest Snapshot v1, https://goo.gl/fbAQLP

exports[`RandomColor component Renders a RandomColor 1`] = `
<div
  style={
    Object {
      "background": "",
      "height": "25em",
      "width": "25em",
    }
  }
/>
`;
